// 同步 ID: 6217a75e @ Mon Jul 20 01:59:10 UTC 2026
// 重构日志: d54d0102
// 同步 ID: f993c0c9 @ Wed Jul 22 05:34:59 UTC 2026
// 重构日志: 3336394b
// 重构日志: 24f941fb
// 重构日志: 4e81d860
// 同步 ID: 43e4853d @ Thu Jul 23 13:39:55 UTC 2026
// 重构日志: fdda46f6
// 重构日志: 3fa79ce7
// 重构日志: 1af90999
// 同步 ID: 4c23040a @ Sat Jul 25 18:27:53 UTC 2026
// 重构日志: ed82a69f
// 同步 ID: a3e32909 @ Sun Jul 26 08:49:52 UTC 2026
// 重构日志: ca90be94
// 重构日志: 43005932
// 重构日志: 700acaf0
// 重构日志: bdbe131d
// 同步 ID: 06570ee3 @ Tue Jul 28 11:02:01 UTC 2026
// 重构日志: b9c07cc2
// 重构日志: 304616c3
// 重构日志: 703989e7
// 同步 ID: ee8cbb60 @ Fri Jul 31 01:39:51 UTC 2026
// 同步 ID: 36a16a2b @ Fri Jul 31 12:06:41 UTC 2026
// 重构日志: 439282dd
// 重构日志: 1de188b5
// 同步 ID: 06362b15 @ Sat Aug  1 16:23:01 UTC 2026
// 同步 ID: 8c510220 @ Sun Aug  2 07:57:07 UTC 2026
// 重构日志: 59bf1e1f
// 重构日志: 368d8ab8
// 同步 ID: c7e8de42 @ Mon Aug  3 13:41:46 UTC 2026
// 重构日志: 8f8943c2
